// Jest Snapshot v1, https://goo.gl/fbAQLP

exports[`Tests in <Input /> should make match with the snapshot 1`] = `
<div>
  <div
    class="MuiFormControl-root MuiTextField-root css-nuxnpp-MuiFormControl-root-MuiTextField-root"
  >
    <label
      class="MuiInputLabel-root MuiInputLabel-formControl MuiInputLabel-animated MuiInputLabel-outlined MuiFormLabel-root MuiFormLabel-colorPrimary css-14s5rfu-MuiFormLabel-root-MuiInputLabel-root"
      data-shrink="false"
      for=":r0:"
      id=":r0:-label"
      style="font: serif normal normal bold normal; letter-spacing: 0px; opacity: 1; color: rgb(88, 88, 88);"
    >
      Ingresa tu nombre
    </label>
    <div
      class="MuiOutlinedInput-root MuiInputBase-root MuiInputBase-colorPrimary MuiInputBase-formControl css-9ddj71-MuiInputBase-root-MuiOutlinedInput-root"
    >
      <input
        aria-invalid="false"
        class="MuiOutlinedInput-input MuiInputBase-input css-1t8l2tu-MuiInputBase-input-MuiOutlinedInput-input"
        id=":r0:"
        name="name"
        type="text"
        value=""
      />
      <fieldset
        aria-hidden="true"
        class="MuiOutlinedInput-notchedOutline css-1d3z3hw-MuiOutlinedInput-notchedOutline"
      >
        <legend
          class="css-1ftyaf0"
        >
          <span>
            Ingresa tu nombre
          </span>
        </legend>
      </fieldset>
    </div>
  </div>
</div>
`;
